// Jest Snapshot v1, https://goo.gl/fbAQLP

exports[`getRouterModule should match snapshot 1`] = `
Object {
  "id": "router",
  "reducerMap": Object {
    "router": [Function],
  },
}
`;
