// Jest Snapshot v1, https://goo.gl/fbAQLP

exports[`getConnectedRouterExtension should match snapshot 1`] = `
Object {
  "middleware": Array [
    [Function],
  ],
  "onModuleManagerCreated": [Function],
}
`;
